[2026-07-18 18:04:34.203] [info] Loaded model TCV20-scaled from file TVC20_scaled_jmp_temp.osim
[2026-07-18 18:04:34.220] [info] Loaded model TCV20-scaled from file TVC20_scaled_jmp_temp.osim
[2026-07-18 18:04:34.281] [info] Loaded model TCV20-scaled from file TVC20_scaled_jmp_temp.osim
[2026-07-18 18:04:34.303] [info] Loaded model TCV20-scaled from file TVC20_scaled_jmp_temp.osim
[2026-07-18 18:04:34.311] [info] Loaded model TCV20-scaled from file TVC20_scaled_jmp_temp.osim
[2026-07-18 18:04:34.401] [info] Loaded model TCV20-scaled from file TVC20_scaled_jmp_temp.osim
[2026-07-18 19:58:33.448] [info] Loaded model TCV20-scaled from file TVC20_3_NMSM_JMP_01_pelvis_thigh_jmp_temp.osim
[2026-07-18 19:58:33.455] [info] Loaded model TCV20-scaled from file TVC20_3_NMSM_JMP_01_pelvis_thigh_jmp_temp.osim
[2026-07-18 19:58:33.463] [info] Loaded model TCV20-scaled from file TVC20_3_NMSM_JMP_01_pelvis_thigh_jmp_temp.osim
[2026-07-18 19:58:33.471] [info] Loaded model TCV20-scaled from file TVC20_3_NMSM_JMP_01_pelvis_thigh_jmp_temp.osim
[2026-07-18 19:58:33.475] [info] Loaded model TCV20-scaled from file TVC20_3_NMSM_JMP_01_pelvis_thigh_jmp_temp.osim
[2026-07-18 19:58:33.476] [info] Loaded model TCV20-scaled from file TVC20_3_NMSM_JMP_01_pelvis_thigh_jmp_temp.osim
[2026-07-18 20:19:40.677] [info] Loaded model TCV20-scaled from file TVC20_3_NMSM_JMP_02_knee_ankle_jmp_temp.osim
[2026-07-18 20:19:40.691] [info] Loaded model TCV20-scaled from file TVC20_3_NMSM_JMP_02_knee_ankle_jmp_temp.osim
[2026-07-18 20:19:40.694] [info] Loaded model TCV20-scaled from file TVC20_3_NMSM_JMP_02_knee_ankle_jmp_temp.osim
[2026-07-18 20:19:40.696] [info] Loaded model TCV20-scaled from file TVC20_3_NMSM_JMP_02_knee_ankle_jmp_temp.osim
[2026-07-18 20:19:40.698] [info] Loaded model TCV20-scaled from file TVC20_3_NMSM_JMP_02_knee_ankle_jmp_temp.osim
[2026-07-18 20:19:40.699] [info] Loaded model TCV20-scaled from file TVC20_3_NMSM_JMP_02_knee_ankle_jmp_temp.osim
[2026-07-18 21:04:51.757] [info] Loaded model TCV20-scaled from file TVC20_3_NMSM_JMP_03_final_jmp_temp.osim
[2026-07-18 21:04:51.764] [info] Loaded model TCV20-scaled from file TVC20_3_NMSM_JMP_03_final_jmp_temp.osim
[2026-07-18 21:04:51.767] [info] Loaded model TCV20-scaled from file TVC20_3_NMSM_JMP_03_final_jmp_temp.osim
[2026-07-18 21:04:51.782] [info] Loaded model TCV20-scaled from file TVC20_3_NMSM_JMP_03_final_jmp_temp.osim
[2026-07-18 21:05:01.193] [info] Loaded model TCV20-scaled from file TVC20_3_NMSM_JMP_04_ankle_axis_jmp_temp.osim
[2026-07-18 21:05:01.209] [info] Loaded model TCV20-scaled from file TVC20_3_NMSM_JMP_04_ankle_axis_jmp_temp.osim
[2026-07-18 21:05:01.211] [info] Loaded model TCV20-scaled from file TVC20_3_NMSM_JMP_04_ankle_axis_jmp_temp.osim
[2026-07-18 21:05:01.218] [info] Loaded model TCV20-scaled from file TVC20_3_NMSM_JMP_04_ankle_axis_jmp_temp.osim
[2026-07-18 21:05:01.223] [info] Loaded model TCV20-scaled from file TVC20_3_NMSM_JMP_04_ankle_axis_jmp_temp.osim
[2026-07-18 21:05:01.225] [info] Loaded model TCV20-scaled from file TVC20_3_NMSM_JMP_04_ankle_axis_jmp_temp.osim
[2026-07-18 21:18:08.740] [info] Loaded model TCV20-scaled from file TVC20_3_NMSM_JMP_05_torso_jmp_temp.osim
[2026-07-18 21:18:08.744] [info] Loaded model TCV20-scaled from file TVC20_3_NMSM_JMP_05_torso_jmp_temp.osim
[2026-07-18 21:18:08.761] [info] Loaded model TCV20-scaled from file TVC20_3_NMSM_JMP_05_torso_jmp_temp.osim
[2026-07-18 21:18:08.770] [info] Loaded model TCV20-scaled from file TVC20_3_NMSM_JMP_05_torso_jmp_temp.osim
[2026-07-18 21:18:08.772] [info] Loaded model TCV20-scaled from file TVC20_3_NMSM_JMP_05_torso_jmp_temp.osim
[2026-07-18 21:18:08.773] [info] Loaded model TCV20-scaled from file TVC20_3_NMSM_JMP_05_torso_jmp_temp.osim
[2026-07-18 21:21:29.835] [info] Loaded model TCV20-scaled from file TVC20_3_NMSM_JMP_06_shoulder_elbow_jmp_temp.osim
[2026-07-18 21:21:29.839] [info] Loaded model TCV20-scaled from file TVC20_3_NMSM_JMP_06_shoulder_elbow_jmp_temp.osim
[2026-07-18 21:21:29.851] [info] Loaded model TCV20-scaled from file TVC20_3_NMSM_JMP_06_shoulder_elbow_jmp_temp.osim
[2026-07-18 21:21:29.859] [info] Loaded model TCV20-scaled from file TVC20_3_NMSM_JMP_06_shoulder_elbow_jmp_temp.osim
[2026-07-18 21:21:29.859] [info] Loaded model TCV20-scaled from file TVC20_3_NMSM_JMP_06_shoulder_elbow_jmp_temp.osim
[2026-07-18 21:21:29.860] [info] Loaded model TCV20-scaled from file TVC20_3_NMSM_JMP_06_shoulder_elbow_jmp_temp.osim
[2026-07-18 21:38:09.976] [info] Loaded model TCV20-scaled from file TVC20_3_NMSM_JMP_07_upper_limb_final_jmp_temp.osim
[2026-07-18 21:38:09.982] [info] Loaded model TCV20-scaled from file TVC20_3_NMSM_JMP_07_upper_limb_final_jmp_temp.osim
[2026-07-18 21:38:09.999] [info] Loaded model TCV20-scaled from file TVC20_3_NMSM_JMP_07_upper_limb_final_jmp_temp.osim
[2026-07-18 21:38:10.001] [info] Loaded model TCV20-scaled from file TVC20_3_NMSM_JMP_07_upper_limb_final_jmp_temp.osim
[2026-07-18 21:38:10.002] [info] Loaded model TCV20-scaled from file TVC20_3_NMSM_JMP_07_upper_limb_final_jmp_temp.osim
