[2026-07-17 13:29:24.857] [info] Loaded model TCV41-scaled from file TVC41_scaled_jmp_temp.osim
[2026-07-17 13:29:24.864] [info] Loaded model TCV41-scaled from file TVC41_scaled_jmp_temp.osim
[2026-07-17 13:29:24.878] [info] Loaded model TCV41-scaled from file TVC41_scaled_jmp_temp.osim
[2026-07-17 13:29:24.882] [info] Loaded model TCV41-scaled from file TVC41_scaled_jmp_temp.osim
[2026-07-17 13:29:24.886] [info] Loaded model TCV41-scaled from file TVC41_scaled_jmp_temp.osim
[2026-07-17 22:49:39.096] [info] Loaded model TCV41-scaled from file TVC41_3_NMSM_JMP_01_pelvis_thigh_jmp_temp.osim
[2026-07-17 22:49:39.099] [info] Loaded model TCV41-scaled from file TVC41_3_NMSM_JMP_01_pelvis_thigh_jmp_temp.osim
[2026-07-17 22:49:39.102] [info] Loaded model TCV41-scaled from file TVC41_3_NMSM_JMP_01_pelvis_thigh_jmp_temp.osim
[2026-07-17 22:49:39.106] [info] Loaded model TCV41-scaled from file TVC41_3_NMSM_JMP_01_pelvis_thigh_jmp_temp.osim
[2026-07-17 22:49:39.107] [info] Loaded model TCV41-scaled from file TVC41_3_NMSM_JMP_01_pelvis_thigh_jmp_temp.osim
[2026-07-17 22:49:39.110] [info] Loaded model TCV41-scaled from file TVC41_3_NMSM_JMP_01_pelvis_thigh_jmp_temp.osim
[2026-07-17 23:41:00.588] [info] Loaded model TCV41-scaled from file TVC41_3_NMSM_JMP_02_knee_ankle_jmp_temp.osim
[2026-07-17 23:41:00.596] [info] Loaded model TCV41-scaled from file TVC41_3_NMSM_JMP_02_knee_ankle_jmp_temp.osim
[2026-07-17 23:41:00.605] [info] Loaded model TCV41-scaled from file TVC41_3_NMSM_JMP_02_knee_ankle_jmp_temp.osim
[2026-07-17 23:41:00.609] [info] Loaded model TCV41-scaled from file TVC41_3_NMSM_JMP_02_knee_ankle_jmp_temp.osim
[2026-07-17 23:41:00.609] [info] Loaded model TCV41-scaled from file TVC41_3_NMSM_JMP_02_knee_ankle_jmp_temp.osim
[2026-07-17 23:41:00.610] [info] Loaded model TCV41-scaled from file TVC41_3_NMSM_JMP_02_knee_ankle_jmp_temp.osim
[2026-07-18 13:42:35.557] [info] Loaded model TCV41-scaled from file TVC41_3_NMSM_JMP_03_final_jmp_temp.osim
[2026-07-18 13:42:35.560] [info] Loaded model TCV41-scaled from file TVC41_3_NMSM_JMP_03_final_jmp_temp.osim
[2026-07-18 13:42:35.561] [info] Loaded model TCV41-scaled from file TVC41_3_NMSM_JMP_03_final_jmp_temp.osim
[2026-07-18 13:42:35.569] [info] Loaded model TCV41-scaled from file TVC41_3_NMSM_JMP_03_final_jmp_temp.osim
[2026-07-18 13:43:08.998] [info] Loaded model TCV41-scaled from file TVC41_3_NMSM_JMP_04_ankle_axis_jmp_temp.osim
[2026-07-18 13:43:08.999] [info] Loaded model TCV41-scaled from file TVC41_3_NMSM_JMP_04_ankle_axis_jmp_temp.osim
[2026-07-18 13:43:09.000] [info] Loaded model TCV41-scaled from file TVC41_3_NMSM_JMP_04_ankle_axis_jmp_temp.osim
[2026-07-18 13:43:09.008] [info] Loaded model TCV41-scaled from file TVC41_3_NMSM_JMP_04_ankle_axis_jmp_temp.osim
[2026-07-18 13:43:09.010] [info] Loaded model TCV41-scaled from file TVC41_3_NMSM_JMP_04_ankle_axis_jmp_temp.osim
[2026-07-18 13:43:09.028] [info] Loaded model TCV41-scaled from file TVC41_3_NMSM_JMP_04_ankle_axis_jmp_temp.osim
[2026-07-18 14:42:09.604] [info] Loaded model TCV41-scaled from file TVC41_3_NMSM_JMP_05_torso_jmp_temp.osim
[2026-07-18 14:42:09.612] [info] Loaded model TCV41-scaled from file TVC41_3_NMSM_JMP_05_torso_jmp_temp.osim
[2026-07-18 14:42:09.616] [info] Loaded model TCV41-scaled from file TVC41_3_NMSM_JMP_05_torso_jmp_temp.osim
[2026-07-18 14:42:09.619] [info] Loaded model TCV41-scaled from file TVC41_3_NMSM_JMP_05_torso_jmp_temp.osim
[2026-07-18 14:42:09.620] [info] Loaded model TCV41-scaled from file TVC41_3_NMSM_JMP_05_torso_jmp_temp.osim
[2026-07-18 14:42:09.622] [info] Loaded model TCV41-scaled from file TVC41_3_NMSM_JMP_05_torso_jmp_temp.osim
[2026-07-18 14:53:20.103] [info] Loaded model TCV41-scaled from file TVC41_3_NMSM_JMP_06_shoulder_elbow_jmp_temp.osim
[2026-07-18 14:53:20.111] [info] Loaded model TCV41-scaled from file TVC41_3_NMSM_JMP_06_shoulder_elbow_jmp_temp.osim
[2026-07-18 14:53:20.122] [info] Loaded model TCV41-scaled from file TVC41_3_NMSM_JMP_06_shoulder_elbow_jmp_temp.osim
[2026-07-18 14:53:20.124] [info] Loaded model TCV41-scaled from file TVC41_3_NMSM_JMP_06_shoulder_elbow_jmp_temp.osim
[2026-07-18 14:53:20.124] [info] Loaded model TCV41-scaled from file TVC41_3_NMSM_JMP_06_shoulder_elbow_jmp_temp.osim
[2026-07-18 14:53:20.125] [info] Loaded model TCV41-scaled from file TVC41_3_NMSM_JMP_06_shoulder_elbow_jmp_temp.osim
[2026-07-18 16:14:02.658] [info] Loaded model TCV41-scaled from file TVC41_3_NMSM_JMP_07_upper_limb_final_jmp_temp.osim
[2026-07-18 16:14:02.663] [info] Loaded model TCV41-scaled from file TVC41_3_NMSM_JMP_07_upper_limb_final_jmp_temp.osim
[2026-07-18 16:14:02.668] [info] Loaded model TCV41-scaled from file TVC41_3_NMSM_JMP_07_upper_limb_final_jmp_temp.osim
[2026-07-18 16:14:02.671] [info] Loaded model TCV41-scaled from file TVC41_3_NMSM_JMP_07_upper_limb_final_jmp_temp.osim
[2026-07-18 16:14:02.674] [info] Loaded model TCV41-scaled from file TVC41_3_NMSM_JMP_07_upper_limb_final_jmp_temp.osim
[2026-07-18 16:14:02.687] [info] Loaded model TCV41-scaled from file TVC41_3_NMSM_JMP_07_upper_limb_final_jmp_temp.osim
[2026-07-18 16:31:14.932] [info] Loaded model TCV58-scaled from file TVC58_scaled_jmp_temp.osim
[2026-07-18 16:31:14.933] [info] Loaded model TCV58-scaled from file TVC58_scaled_jmp_temp.osim
[2026-07-18 16:31:14.947] [info] Loaded model TCV58-scaled from file TVC58_scaled_jmp_temp.osim
[2026-07-18 16:31:14.949] [info] Loaded model TCV58-scaled from file TVC58_scaled_jmp_temp.osim
[2026-07-18 16:31:14.955] [info] Loaded model TCV58-scaled from file TVC58_scaled_jmp_temp.osim
[2026-07-18 16:31:14.969] [info] Loaded model TCV58-scaled from file TVC58_scaled_jmp_temp.osim
[2026-07-18 21:12:19.137] [info] Loaded model TCV58-scaled from file TVC58_3_NMSM_JMP_01_pelvis_thigh_jmp_temp.osim
[2026-07-18 21:12:19.138] [info] Loaded model TCV58-scaled from file TVC58_3_NMSM_JMP_01_pelvis_thigh_jmp_temp.osim
[2026-07-18 21:12:19.141] [info] Loaded model TCV58-scaled from file TVC58_3_NMSM_JMP_01_pelvis_thigh_jmp_temp.osim
[2026-07-18 21:12:19.142] [info] Loaded model TCV58-scaled from file TVC58_3_NMSM_JMP_01_pelvis_thigh_jmp_temp.osim
[2026-07-18 21:12:19.156] [info] Loaded model TCV58-scaled from file TVC58_3_NMSM_JMP_01_pelvis_thigh_jmp_temp.osim
[2026-07-18 21:12:19.160] [info] Loaded model TCV58-scaled from file TVC58_3_NMSM_JMP_01_pelvis_thigh_jmp_temp.osim
[2026-07-18 21:30:46.016] [info] Loaded model TCV58-scaled from file TVC58_3_NMSM_JMP_02_knee_ankle_jmp_temp.osim
[2026-07-18 21:30:46.019] [info] Loaded model TCV58-scaled from file TVC58_3_NMSM_JMP_02_knee_ankle_jmp_temp.osim
[2026-07-18 21:30:46.022] [info] Loaded model TCV58-scaled from file TVC58_3_NMSM_JMP_02_knee_ankle_jmp_temp.osim
[2026-07-18 21:30:46.023] [info] Loaded model TCV58-scaled from file TVC58_3_NMSM_JMP_02_knee_ankle_jmp_temp.osim
[2026-07-18 21:30:46.023] [info] Loaded model TCV58-scaled from file TVC58_3_NMSM_JMP_02_knee_ankle_jmp_temp.osim
[2026-07-18 21:30:46.028] [info] Loaded model TCV58-scaled from file TVC58_3_NMSM_JMP_02_knee_ankle_jmp_temp.osim
[2026-07-18 22:51:53.142] [info] Loaded model TCV58-scaled from file TVC58_3_NMSM_JMP_03_final_jmp_temp.osim
[2026-07-18 22:51:53.149] [info] Loaded model TCV58-scaled from file TVC58_3_NMSM_JMP_03_final_jmp_temp.osim
[2026-07-18 22:51:53.152] [info] Loaded model TCV58-scaled from file TVC58_3_NMSM_JMP_03_final_jmp_temp.osim
[2026-07-18 22:51:53.153] [info] Loaded model TCV58-scaled from file TVC58_3_NMSM_JMP_03_final_jmp_temp.osim
[2026-07-18 22:52:09.022] [info] Loaded model TCV58-scaled from file TVC58_3_NMSM_JMP_04_ankle_axis_jmp_temp.osim
[2026-07-18 22:52:09.023] [info] Loaded model TCV58-scaled from file TVC58_3_NMSM_JMP_04_ankle_axis_jmp_temp.osim
[2026-07-18 22:52:09.023] [info] Loaded model TCV58-scaled from file TVC58_3_NMSM_JMP_04_ankle_axis_jmp_temp.osim
[2026-07-18 22:52:09.023] [info] Loaded model TCV58-scaled from file TVC58_3_NMSM_JMP_04_ankle_axis_jmp_temp.osim
[2026-07-18 22:52:09.024] [info] Loaded model TCV58-scaled from file TVC58_3_NMSM_JMP_04_ankle_axis_jmp_temp.osim
[2026-07-18 22:52:09.027] [info] Loaded model TCV58-scaled from file TVC58_3_NMSM_JMP_04_ankle_axis_jmp_temp.osim
[2026-07-18 23:18:05.511] [info] Loaded model TCV58-scaled from file TVC58_3_NMSM_JMP_05_torso_jmp_temp.osim
[2026-07-18 23:18:05.527] [info] Loaded model TCV58-scaled from file TVC58_3_NMSM_JMP_05_torso_jmp_temp.osim
[2026-07-18 23:18:05.532] [info] Loaded model TCV58-scaled from file TVC58_3_NMSM_JMP_05_torso_jmp_temp.osim
[2026-07-18 23:18:05.535] [info] Loaded model TCV58-scaled from file TVC58_3_NMSM_JMP_05_torso_jmp_temp.osim
[2026-07-18 23:18:05.536] [info] Loaded model TCV58-scaled from file TVC58_3_NMSM_JMP_05_torso_jmp_temp.osim
[2026-07-18 23:18:05.536] [info] Loaded model TCV58-scaled from file TVC58_3_NMSM_JMP_05_torso_jmp_temp.osim
[2026-07-18 23:23:44.159] [info] Loaded model TCV58-scaled from file TVC58_3_NMSM_JMP_06_shoulder_elbow_jmp_temp.osim
[2026-07-18 23:23:44.165] [info] Loaded model TCV58-scaled from file TVC58_3_NMSM_JMP_06_shoulder_elbow_jmp_temp.osim
[2026-07-18 23:23:44.165] [info] Loaded model TCV58-scaled from file TVC58_3_NMSM_JMP_06_shoulder_elbow_jmp_temp.osim
[2026-07-18 23:23:44.168] [info] Loaded model TCV58-scaled from file TVC58_3_NMSM_JMP_06_shoulder_elbow_jmp_temp.osim
[2026-07-18 23:23:44.169] [info] Loaded model TCV58-scaled from file TVC58_3_NMSM_JMP_06_shoulder_elbow_jmp_temp.osim
[2026-07-18 23:23:44.171] [info] Loaded model TCV58-scaled from file TVC58_3_NMSM_JMP_06_shoulder_elbow_jmp_temp.osim
[2026-07-18 23:50:05.618] [info] Loaded model TCV58-scaled from file TVC58_3_NMSM_JMP_07_upper_limb_final_jmp_temp.osim
[2026-07-18 23:50:05.624] [info] Loaded model TCV58-scaled from file TVC58_3_NMSM_JMP_07_upper_limb_final_jmp_temp.osim
[2026-07-18 23:50:05.630] [info] Loaded model TCV58-scaled from file TVC58_3_NMSM_JMP_07_upper_limb_final_jmp_temp.osim
[2026-07-18 23:50:05.633] [info] Loaded model TCV58-scaled from file TVC58_3_NMSM_JMP_07_upper_limb_final_jmp_temp.osim
[2026-07-18 23:50:05.635] [info] Loaded model TCV58-scaled from file TVC58_3_NMSM_JMP_07_upper_limb_final_jmp_temp.osim
[2026-07-18 23:50:05.639] [info] Loaded model TCV58-scaled from file TVC58_3_NMSM_JMP_07_upper_limb_final_jmp_temp.osim
