[2026-08-10 22:29:12.587] [info] Loaded model SUBJ36-scaled from file SUBJ36_scaled_jmp_temp.osim
[2026-08-10 22:29:12.591] [info] Loaded model SUBJ36-scaled from file SUBJ36_scaled_jmp_temp.osim
[2026-08-10 22:29:12.592] [info] Loaded model SUBJ36-scaled from file SUBJ36_scaled_jmp_temp.osim
[2026-08-10 22:29:12.592] [info] Loaded model SUBJ36-scaled from file SUBJ36_scaled_jmp_temp.osim
[2026-08-10 22:29:12.592] [info] Loaded model SUBJ36-scaled from file SUBJ36_scaled_jmp_temp.osim
[2026-08-10 22:29:12.593] [info] Loaded model SUBJ36-scaled from file SUBJ36_scaled_jmp_temp.osim
[2026-08-11 04:36:42.373] [info] Loaded model SUBJ36-scaled from file SUBJ36_1_NMSM_JMP_01_pelvis_thigh_jmp_temp.osim
[2026-08-11 04:36:42.374] [info] Loaded model SUBJ36-scaled from file SUBJ36_1_NMSM_JMP_01_pelvis_thigh_jmp_temp.osim
[2026-08-11 04:36:42.376] [info] Loaded model SUBJ36-scaled from file SUBJ36_1_NMSM_JMP_01_pelvis_thigh_jmp_temp.osim
[2026-08-11 04:36:42.376] [info] Loaded model SUBJ36-scaled from file SUBJ36_1_NMSM_JMP_01_pelvis_thigh_jmp_temp.osim
[2026-08-11 04:36:42.379] [info] Loaded model SUBJ36-scaled from file SUBJ36_1_NMSM_JMP_01_pelvis_thigh_jmp_temp.osim
[2026-08-11 04:36:42.379] [info] Loaded model SUBJ36-scaled from file SUBJ36_1_NMSM_JMP_01_pelvis_thigh_jmp_temp.osim
[2026-08-11 19:15:46.964] [info] Loaded model SUBJ36-scaled from file SUBJ36_1_NMSM_JMP_02_knee_ankle_jmp_temp.osim
[2026-08-11 19:15:46.968] [info] Loaded model SUBJ36-scaled from file SUBJ36_1_NMSM_JMP_02_knee_ankle_jmp_temp.osim
[2026-08-11 19:15:46.969] [info] Loaded model SUBJ36-scaled from file SUBJ36_1_NMSM_JMP_02_knee_ankle_jmp_temp.osim
[2026-08-11 19:15:46.970] [info] Loaded model SUBJ36-scaled from file SUBJ36_1_NMSM_JMP_02_knee_ankle_jmp_temp.osim
[2026-08-11 19:15:46.974] [info] Loaded model SUBJ36-scaled from file SUBJ36_1_NMSM_JMP_02_knee_ankle_jmp_temp.osim
[2026-08-11 19:15:46.975] [info] Loaded model SUBJ36-scaled from file SUBJ36_1_NMSM_JMP_02_knee_ankle_jmp_temp.osim
[2026-08-11 21:45:21.897] [info] Loaded model SUBJ36-scaled from file SUBJ36_1_NMSM_JMP_03_final_jmp_temp.osim
[2026-08-11 21:45:21.907] [info] Loaded model SUBJ36-scaled from file SUBJ36_1_NMSM_JMP_03_final_jmp_temp.osim
[2026-08-11 21:45:21.932] [info] Loaded model SUBJ36-scaled from file SUBJ36_1_NMSM_JMP_03_final_jmp_temp.osim
[2026-08-11 21:45:21.943] [info] Loaded model SUBJ36-scaled from file SUBJ36_1_NMSM_JMP_03_final_jmp_temp.osim
[2026-08-11 21:46:38.539] [info] Loaded model SUBJ36-scaled from file SUBJ36_1_NMSM_JMP_04_ankle_axis_jmp_temp.osim
[2026-08-11 21:46:38.541] [info] Loaded model SUBJ36-scaled from file SUBJ36_1_NMSM_JMP_04_ankle_axis_jmp_temp.osim
[2026-08-11 21:46:38.542] [info] Loaded model SUBJ36-scaled from file SUBJ36_1_NMSM_JMP_04_ankle_axis_jmp_temp.osim
[2026-08-11 21:46:38.549] [info] Loaded model SUBJ36-scaled from file SUBJ36_1_NMSM_JMP_04_ankle_axis_jmp_temp.osim
[2026-08-11 21:46:38.560] [info] Loaded model SUBJ36-scaled from file SUBJ36_1_NMSM_JMP_04_ankle_axis_jmp_temp.osim
[2026-08-11 21:46:38.559] [info] Loaded model SUBJ36-scaled from file SUBJ36_1_NMSM_JMP_04_ankle_axis_jmp_temp.osim
[2026-08-11 23:37:36.950] [info] Loaded model SUBJ36-scaled from file SUBJ36_1_NMSM_JMP_05_torso_jmp_temp.osim
[2026-08-11 23:37:36.954] [info] Loaded model SUBJ36-scaled from file SUBJ36_1_NMSM_JMP_05_torso_jmp_temp.osim
[2026-08-11 23:37:36.964] [info] Loaded model SUBJ36-scaled from file SUBJ36_1_NMSM_JMP_05_torso_jmp_temp.osim
[2026-08-11 23:37:36.968] [info] Loaded model SUBJ36-scaled from file SUBJ36_1_NMSM_JMP_05_torso_jmp_temp.osim
[2026-08-11 23:37:36.975] [info] Loaded model SUBJ36-scaled from file SUBJ36_1_NMSM_JMP_05_torso_jmp_temp.osim
[2026-08-11 23:37:36.989] [info] Loaded model SUBJ36-scaled from file SUBJ36_1_NMSM_JMP_05_torso_jmp_temp.osim
[2026-08-11 23:48:46.970] [info] Loaded model SUBJ36-scaled from file SUBJ36_1_NMSM_JMP_06_shoulder_elbow_jmp_temp.osim
[2026-08-11 23:48:46.970] [info] Loaded model SUBJ36-scaled from file SUBJ36_1_NMSM_JMP_06_shoulder_elbow_jmp_temp.osim
[2026-08-11 23:48:46.972] [info] Loaded model SUBJ36-scaled from file SUBJ36_1_NMSM_JMP_06_shoulder_elbow_jmp_temp.osim
[2026-08-11 23:48:46.974] [info] Loaded model SUBJ36-scaled from file SUBJ36_1_NMSM_JMP_06_shoulder_elbow_jmp_temp.osim
[2026-08-11 23:48:46.975] [info] Loaded model SUBJ36-scaled from file SUBJ36_1_NMSM_JMP_06_shoulder_elbow_jmp_temp.osim
[2026-08-11 23:48:46.989] [info] Loaded model SUBJ36-scaled from file SUBJ36_1_NMSM_JMP_06_shoulder_elbow_jmp_temp.osim
[2026-08-12 00:34:43.121] [info] Loaded model SUBJ36-scaled from file SUBJ36_1_NMSM_JMP_07_upper_limb_final_jmp_temp.osim
[2026-08-12 00:34:43.125] [info] Loaded model SUBJ36-scaled from file SUBJ36_1_NMSM_JMP_07_upper_limb_final_jmp_temp.osim
[2026-08-12 00:34:43.126] [info] Loaded model SUBJ36-scaled from file SUBJ36_1_NMSM_JMP_07_upper_limb_final_jmp_temp.osim
[2026-08-12 00:34:43.127] [info] Loaded model SUBJ36-scaled from file SUBJ36_1_NMSM_JMP_07_upper_limb_final_jmp_temp.osim
[2026-08-12 00:34:43.142] [info] Loaded model SUBJ36-scaled from file SUBJ36_1_NMSM_JMP_07_upper_limb_final_jmp_temp.osim
